gamma
   21.0778
Overlap
   1.0000
H_core
  -17.7149
P_t
   2.0000
Ga
   21.0778
Gb
   21.0778
Iteration: 0
Pa
   1.0000
Fa
   3.3629
Ca
   1.0000
Pa_new
   1.0000
P_t
   1.0000
Ga
        0
Gb
   21.0778
Iteration: 1
Pa
   1.0000
Fa
  -17.7149
Ca
   1.0000
Pa_new
   1.0000
Ea
  -17.7149
Eb
   3.3629
Ca
   1.0000
Cb
   1.0000
The molecule in file H.txt has energy -17.714901
