gamma
   21.0781   15.4490
   15.4490   21.0781
Overlap
   1.0000   0.6559
   0.6559   1.0000
 p =  1 q =  1
H_core
  -33.1641   -5.9035
   -5.9035  -33.1641
Iteration: 0
Fa
  -33.1641   -5.9035
   -5.9035  -33.1641
Fb
  -33.1641   -5.9035
   -5.9035  -33.1641
after solving eigen equation: 0
Ca
   0.7071  -0.7071
   0.7071   0.7071
Cb
   0.7071  -0.7071
   0.7071   0.7071
 p =  1 q =  1
Pa_new
   0.5000   0.5000
   0.5000   0.5000
Pb_new
   0.5000   0.5000
   0.5000   0.5000
P_t
   1.0000
   1.0000
Ga
   25.9881   -7.7245
   -7.7245   25.9881
Gb
   25.9881   -7.7245
   -7.7245   25.9881
Iteration: 1
Fa
   -7.1760  -13.6280
  -13.6280   -7.1760
Fb
   -7.1760  -13.6280
  -13.6280   -7.1760
after solving eigen equation: 1
Ca
   0.7071  -0.7071
   0.7071   0.7071
Cb
   0.7071  -0.7071
   0.7071   0.7071
 p =  1 q =  1
Ea
  -20.8040
    6.4520
Eb
  -20.8040
    6.4520
Ca
   0.7071  -0.7071
   0.7071   0.7071
Cb
   0.7071  -0.7071
   0.7071   0.7071
Nuclear Repulsion Energy is 19.3025 eV.
Electron Energy is -59.8716 eV.
The molecule in file H2.txt has energy -40.569151
