OV_mat
   1.0000   0.6599
   0.6599   1.0000
H_mat
  -13.6000  -15.7050
  -15.7050  -13.6000
X_mat
   1.2454  -0.4692
  -0.4692   1.2454
H_new
   -5.7331  -11.9218
  -11.9218   -5.7331
C_mat
   0.5488  -1.2125
   0.5488   1.2125
energy_vec
  -17.6549
    6.1887
The molecule in file H2.txt has energy -35.309897
